main.c:94:5:main	16	static
main.c:161:6:SystemClock_Config	88	static
main.c:204:13:MX_TIM6_Init	16	static
main.c:242:13:MX_TIM7_Init	16	static
main.c:280:13:MX_USART2_UART_Init	8	static
main.c:313:13:MX_GPIO_Init	48	static
main.c:347:6:delay_us	24	static
main.c:361:9:DiffManchester_sendByte	24	static
main.c:420:10:getSample	4	static
main.c:427:1:__io_putchar	16	static
main.c:433:9:DiffManchester_GetData	56	static
main.c:538:9:interpretSample	24	static
main.c:557:6:HAL_TIM_PeriodElapsedCallback	16	static
main.c:590:6:HAL_GPIO_EXTI_Callback	16	static
main.c:611:6:Error_Handler	4	static
